LOCAL_ID=0 before if
LOCAL_ID=1 before if
LOCAL_ID=0 inside if
LOCAL_ID=1 inside if
LOCAL_ID=0 after if
LOCAL_ID=1 after if
