gid_x 0 after barrier at iteration 16
gid_x 1 after barrier at iteration 16
gid_x 0 after barrier at iteration 15
gid_x 1 after barrier at iteration 15
gid_x 0 after barrier at iteration 14
gid_x 1 after barrier at iteration 14
gid_x 0 after barrier at iteration 13
gid_x 1 after barrier at iteration 13
gid_x 0 after barrier at iteration 12
gid_x 1 after barrier at iteration 12
gid_x 0 after barrier at iteration 11
gid_x 1 after barrier at iteration 11
gid_x 0 after barrier at iteration 10
gid_x 1 after barrier at iteration 10
gid_x 0 after barrier at iteration 9
gid_x 1 after barrier at iteration 9
gid_x 0 after barrier at iteration 8
gid_x 1 after barrier at iteration 8
gid_x 0 after barrier at iteration 7
gid_x 1 after barrier at iteration 7
gid_x 0 after barrier at iteration 6
gid_x 1 after barrier at iteration 6
gid_x 0 after barrier at iteration 5
gid_x 1 after barrier at iteration 5
gid_x 0 after barrier at iteration 4
gid_x 1 after barrier at iteration 4
gid_x 0 after barrier at iteration 3
gid_x 1 after barrier at iteration 3
gid_x 0 after barrier at iteration 2
gid_x 1 after barrier at iteration 2
gid_x 0 after barrier at iteration 1
gid_x 1 after barrier at iteration 1
OK
