[GROUP_ID=0] iteration=0, A_before_barrier, local_id=0
[GROUP_ID=0] iteration=0, A_before_barrier, local_id=1
[GROUP_ID=0] iteration=0, B_after_barrier, local_id=0
[GROUP_ID=0] iteration=0, B_after_barrier, local_id=1
[GROUP_ID=0] iteration=1, A_before_barrier, local_id=0
[GROUP_ID=0] iteration=1, A_before_barrier, local_id=1
[GROUP_ID=0] iteration=1, B_after_barrier, local_id=0
[GROUP_ID=0] iteration=1, B_after_barrier, local_id=1
[GROUP_ID=0] iteration=2, A_before_barrier, local_id=0
[GROUP_ID=0] iteration=2, A_before_barrier, local_id=1
[GROUP_ID=0] iteration=2, B_after_barrier, local_id=0
[GROUP_ID=0] iteration=2, B_after_barrier, local_id=1
[GROUP_ID=1] iteration=0, A_before_barrier, local_id=0
[GROUP_ID=1] iteration=0, A_before_barrier, local_id=1
[GROUP_ID=1] iteration=0, B_after_barrier, local_id=0
[GROUP_ID=1] iteration=0, B_after_barrier, local_id=1
[GROUP_ID=1] iteration=1, A_before_barrier, local_id=0
[GROUP_ID=1] iteration=1, A_before_barrier, local_id=1
[GROUP_ID=1] iteration=1, B_after_barrier, local_id=0
[GROUP_ID=1] iteration=1, B_after_barrier, local_id=1
[GROUP_ID=1] iteration=2, A_before_barrier, local_id=0
[GROUP_ID=1] iteration=2, A_before_barrier, local_id=1
[GROUP_ID=1] iteration=2, B_after_barrier, local_id=0
[GROUP_ID=1] iteration=2, B_after_barrier, local_id=1
